../Core/Src/main.c:75:6:game_over_wall	24	static
../Core/Src/main.c:104:6:game_over_tail	40	static
../Core/Src/main.c:122:8:initialize_body	16	static
../Core/Src/main.c:134:8:increase_body	24	static
../Core/Src/main.c:146:6:spawn_apple	40	static
../Core/Src/main.c:170:5:main	56	static
../Core/Src/main.c:371:6:SystemClock_Config	72	static
../Core/Src/main.c:408:13:MX_SPI1_Init	8	static
../Core/Src/main.c:444:13:MX_GPIO_Init	40	static
../Core/Src/main.c:484:6:Error_Handler	4	static,ignoring_inline_asm
